<html>
<body>
<pre>
<h1>µVision Build Log</h1>
<h2>Project:</h2>
F:\DATA\embedded_c\assem_from_c\assem_from_c.uvproj
Project File Date:  06/25/2014

<h2>Output:</h2>
creating preprocessor file for main.c...
compiling main.c...
source\main.c - 0 Error(s), 0 Warning(s).
Build target 'assem_in_c'
assembling function.s...
assembling startup.s...
linking...
Program Size: Code=868 RO-data=16 RW-data=0 ZI-data=1024  
FromELF: creating hex file...
"assem_in_c.axf" - 0 Error(s), 0 Warning(s).
Rebuild target 'assem_in_c'
creating preprocessor file for main.c...
compiling main.c...
assembling function.s...
assembling startup.s...
linking...
Program Size: Code=868 RO-data=16 RW-data=0 ZI-data=1024  
FromELF: creating hex file...
"assem_in_c.axf" - 0 Error(s), 0 Warning(s).
creating preprocessor file for main.c...
source\main.c(17): warning:  #1-D: last line of file ends without a newline
compiling main.c...
source\main.c(17): warning:  #1-D: last line of file ends without a newline
source\main.c - 0 Error(s), 1 Warning(s).
Build target 'assem_in_c'
linking...
Program Size: Code=868 RO-data=16 RW-data=0 ZI-data=1024  
FromELF: creating hex file...
"assem_in_c.axf" - 0 Error(s), 0 Warning(s).
Rebuild target 'assem_in_c'
creating preprocessor file for main.c...
source\main.c(17): warning:  #1-D: last line of file ends without a newline
compiling main.c...
source\main.c(17): warning:  #1-D: last line of file ends without a newline
assembling function.s...
assembling startup.s...
linking...
Program Size: Code=868 RO-data=16 RW-data=0 ZI-data=1024  
FromELF: creating hex file...
"assem_in_c.axf" - 0 Error(s), 1 Warning(s).
Build target 'assem_in_c'
creating preprocessor file for main.c...
compiling main.c...
linking...
Program Size: Code=868 RO-data=16 RW-data=0 ZI-data=1024  
FromELF: creating hex file...
"assem_in_c.axf" - 0 Error(s), 0 Warning(s).
Rebuild target 'assem_in_c'
creating preprocessor file for main.c...
compiling main.c...
assembling function.s...
assembling startup.s...
linking...
Program Size: Code=868 RO-data=16 RW-data=0 ZI-data=1024  
FromELF: creating hex file...
"assem_in_c.axf" - 0 Error(s), 0 Warning(s).
creating preprocessor file for main.c...
compiling main.c...
source\main.c - 0 Error(s), 0 Warning(s).
Build target 'assem_in_c'
assembling function.s...
assembling startup.s...
linking...
Program Size: Code=868 RO-data=16 RW-data=0 ZI-data=1024  
FromELF: creating hex file...
".\_build\assem_c.axf" - 0 Error(s), 0 Warning(s).
Rebuild target 'assem_in_c'
creating preprocessor file for main.c...
compiling main.c...
assembling function.s...
assembling startup.s...
linking...
Program Size: Code=868 RO-data=16 RW-data=0 ZI-data=1024  
FromELF: creating hex file...
".\_build\assem_c.axf" - 0 Error(s), 0 Warning(s).
Load "F:\\DATA\\embedded_c\\assem_from_c\\_build\\assem_c.AXF" 
Connecting: Mode=JTAG, Speed=1000000Hz
Connection failed!, error code=&d
